{
  "version": "1.5.0",
  "plugins_used": [
    {"name": "ArtifactoryDetector"},
    {"name": "AWSKeyDetector"},
    {"name": "AzureStorageKeyDetector"},
    {"name": "Base64HighEntropyString", "limit": 4.5},
    {"name": "BasicAuthDetector"},
    {"name": "CloudantDetector"},
    {"name": "DiscordBotTokenDetector"},
    {"name": "GitHubTokenDetector"},
    {"name": "GitLabTokenDetector"},
    {"name": "HexHighEntropyString", "limit": 3.0},
    {"name": "IbmCloudIamDetector"},
    {"name": "IbmCosHmacDetector"},
    {"name": "IPPublicDetector"},
    {"name": "JwtTokenDetector"},
    {"name": "KeywordDetector", "keyword_exclude": ""},
    {"name": "MailchimpDetector"},
    {"name": "NpmDetector"},
    {"name": "OpenAIDetector"},
    {"name": "PrivateKeyDetector"},
    {"name": "PypiTokenDetector"},
    {"name": "SendGridDetector"},
    {"name": "SlackDetector"},
    {"name": "SoftlayerDetector"},
    {"name": "SquareOAuthDetector"},
    {"name": "StripeDetector"},
    {"name": "TelegramBotTokenDetector"},
    {"name": "TwilioKeyDetector"}
  ],
  "filters_used": [
    {"path": "detect_secrets.filters.allowlist.is_line_allowlisted"},
    {
      "path": "detect_secrets.filters.common.is_ignored_due_to_verification_policies",
      "min_level": 2
    },
    {"path": "detect_secrets.filters.heuristic.is_indirect_reference"},
    {"path": "detect_secrets.filters.heuristic.is_likely_id_string"},
    {"path": "detect_secrets.filters.heuristic.is_lock_file"},
    {"path": "detect_secrets.filters.heuristic.is_not_alphanumeric_string"},
    {"path": "detect_secrets.filters.heuristic.is_potential_uuid"},
    {"path": "detect_secrets.filters.heuristic.is_prefixed_with_dollar_sign"},
    {"path": "detect_secrets.filters.heuristic.is_sequential_string"},
    {"path": "detect_secrets.filters.heuristic.is_swagger_file"},
    {"path": "detect_secrets.filters.heuristic.is_templated_secret"}
  ],
  "results": {
    "logs/manifest.json": [
      {
        "type": "Hex High Entropy String",
        "filename": "logs/manifest.json",
        "hashed_secret": "b30e9d096bf31abdf4d836b42cc786f51e018242",
        "is_verified": false,
        "line_number": 13
      },
      {
        "type": "Hex High Entropy String",
        "filename": "logs/manifest.json",
        "hashed_secret": "0456e33af24d0c8c01e3c1f6e231f15e82d1c985",
        "is_verified": false,
        "line_number": 14
      },
      {
        "type": "Hex High Entropy String",
        "filename": "logs/manifest.json",
        "hashed_secret": "005acd36e75b5be202d2c2005e5f4edd4626cf81",
        "is_verified": false,
        "line_number": 31
      }
    ],
    "logs/nodes/n001.json": [{
      "type": "Hex High Entropy String",
      "filename": "logs/nodes/n001.json",
      "hashed_secret": "6a3af9c2034af7c47a15b59c6c9173880b4f2c17",
      "is_verified": false,
      "line_number": 23
    }],
    "logs/nodes/n002.json": [{
      "type": "Hex High Entropy String",
      "filename": "logs/nodes/n002.json",
      "hashed_secret": "6a3af9c2034af7c47a15b59c6c9173880b4f2c17",
      "is_verified": false,
      "line_number": 23
    }],
    "logs/nodes/n003.json": [{
      "type": "Hex High Entropy String",
      "filename": "logs/nodes/n003.json",
      "hashed_secret": "6a3af9c2034af7c47a15b59c6c9173880b4f2c17",
      "is_verified": false,
      "line_number": 23
    }],
    "logs/nodes/n004.json": [{
      "type": "Hex High Entropy String",
      "filename": "logs/nodes/n004.json",
      "hashed_secret": "6a3af9c2034af7c47a15b59c6c9173880b4f2c17",
      "is_verified": false,
      "line_number": 11
    }],
    "logs/nodes/n005.json": [{
      "type": "Hex High Entropy String",
      "filename": "logs/nodes/n005.json",
      "hashed_secret": "6a3af9c2034af7c47a15b59c6c9173880b4f2c17",
      "is_verified": false,
      "line_number": 27
    }]
  },
  "generated_at": "2026-08-31T01:47:43Z"
}
